
    /**
     * @param string                      $name   Required. The resource name of the
     *                                            [CryptoKeyVersion][google.cloud.kms.v1.CryptoKeyVersion] to use for
     *                                            signing. Please see
     *                                            {@see KeyManagementServiceClient::cryptoKeyVersionName()} for help formatting this field.
     * @param \Google\Cloud\Kms\V1\Digest $digest Required. The digest of the data to sign. The digest must be produced with
     *                                            the same digest algorithm as specified by the key version's
     *                                            [algorithm][google.cloud.kms.v1.CryptoKeyVersion.algorithm].
     *
     * @return \Google\Cloud\Kms\V1\AsymmetricSignRequest
     *
     * @experimental
     */
    public static function build(string $name, \Google\Cloud\Kms\V1\Digest $digest): self
    {
        return (new self())
            ->setName($name)
            ->setDigest($digest);
    }