    /**
     * @param \Google\Cloud\Kms\V1\CryptoKey $cryptoKey  Required. [CryptoKey][google.cloud.kms.v1.CryptoKey] with updated values.
     * @param \Google\Protobuf\FieldMask     $updateMask Required. List of fields to be updated in this request.
     *
     * @return \Google\Cloud\Kms\V1\UpdateCryptoKeyRequest
     */
    public static function build(\Google\Cloud\Kms\V1\CryptoKey $cryptoKey, \Google\Protobuf\FieldMask $updateMask): self
    {
        return (new self())
            ->setCryptoKey($cryptoKey)
            ->setUpdateMask($updateMask);
    }
