
    /**
     * @param string $parent Required. The resource name that owns the logs:
     *
     *                       "projects/[PROJECT_ID]"
     *                       "organizations/[ORGANIZATION_ID]"
     *                       "billingAccounts/[BILLING_ACCOUNT_ID]"
     *                       "folders/[FOLDER_ID]"
     *                       Please see {@see LoggingServiceV2Client::projectName()} for help formatting this field.
     *
     * @return \Google\Cloud\Logging\V2\ListLogsRequest
     *
     * @experimental
     */
    public static function build(string $parent): self
    {
        return (new self())
            ->setParent($parent);
    }