    /**
     * @param string $parent         Required. The name of the project containing the metrics:
     *
     *                               "projects/[PROJECT_ID]"
     *                               Please see {@see MetricsServiceV2Client::projectName()} for help formatting this field.
     * @param mixed  $optionalFields {
     *     Optional.
     *
     *     @type string $pageToken
     *           Optional. If present, then retrieve the next batch of results from the
     *           preceding call to this method. `pageToken` must be the value of
     *           `nextPageToken` from the previous response. The values of other method
     *           parameters should be identical to those in the previous call.
     *     @type int $pageSize
     *           Optional. The maximum number of results to return from this request.
     *           Non-positive values are ignored. The presence of `nextPageToken` in the
     *           response indicates that more results might be available.
     * }
     *
     * @return \Google\Cloud\Logging\V2\ListLogMetricsRequest
     */
    public static function build(string $parent, array $optionalFields = []): self
    {
        return (new self($optionalFields))
            ->setParent($parent);
    }
