
    /**
     * @param string                                         $parent           Required. The name of the parent resource of the new BigQuery export. Its
     *                                                                         format is "organizations/[organization_id]", "folders/[folder_id]", or
     *                                                                         "projects/[project_id]". Please see
     *                                                                         {@see SecurityCenterClient::projectName()} for help formatting this field.
     * @param \Google\Cloud\SecurityCenter\V1\BigQueryExport $bigQueryExport   Required. The BigQuery export being created.
     * @param string                                         $bigQueryExportId Required. Unique identifier provided by the client within the parent scope.
     *                                                                         It must consist of only lowercase letters, numbers, and hyphens, must start
     *                                                                         with a letter, must end with either a letter or a number, and must be 63
     *                                                                         characters or less.
     *
     * @return \Google\Cloud\SecurityCenter\V1\CreateBigQueryExportRequest
     *
     * @experimental
     */
    public static function build(string $parent, \Google\Cloud\SecurityCenter\V1\BigQueryExport $bigQueryExport, string $bigQueryExportId): self
    {
        return (new self())
            ->setParent($parent)
            ->setBigQueryExport($bigQueryExport)
            ->setBigQueryExportId($bigQueryExportId);
    }