    /**
     * @param string                                             $parent             Required. Resource name of the new notification config's parent. Its format is
     *                                                                               "organizations/[organization_id]". Please see
     *                                                                               {@see SecurityCenterClient::organizationName()} for help formatting this field.
     * @param string                                             $configId           Required.
     *                                                                               Unique identifier provided by the client within the parent scope.
     *                                                                               It must be between 1 and 128 characters, and contains alphanumeric
     *                                                                               characters, underscores or hyphens only.
     * @param \Google\Cloud\SecurityCenter\V1\NotificationConfig $notificationConfig Required. The notification config being created. The name and the service account
     *                                                                               will be ignored as they are both output only fields on this resource.
     *
     * @return \Google\Cloud\SecurityCenter\V1\CreateNotificationConfigRequest
     */
    public static function build(string $parent, string $configId, \Google\Cloud\SecurityCenter\V1\NotificationConfig $notificationConfig): self
    {
        return (new self())
            ->setParent($parent)
            ->setConfigId($configId)
            ->setNotificationConfig($notificationConfig);
    }

    /**
     * @param string                                             $parent             Required. Resource name of the new notification config's parent. Its format is
     *                                                                               "organizations/[organization_id]". Please see
     *                                                                               {@see SecurityCenterClient::organizationName()} for help formatting this field.
     * @param \Google\Cloud\SecurityCenter\V1\NotificationConfig $notificationConfig Required. The notification config being created. The name and the service account
     *                                                                               will be ignored as they are both output only fields on this resource.
     * @param mixed                                              $optionalFields     {
     *     Optional.
     *
     *     @type string $configId
     *           Required.
     *           Unique identifier provided by the client within the parent scope.
     *           It must be between 1 and 128 characters, and contains alphanumeric
     *           characters, underscores or hyphens only.
     * }
     *
     * @return \Google\Cloud\SecurityCenter\V1\CreateNotificationConfigRequest
     */
    public static function buildFromParentNotificationConfig(string $parent, \Google\Cloud\SecurityCenter\V1\NotificationConfig $notificationConfig, array $optionalFields = []): self
    {
        return (new self($optionalFields))
            ->setParent($parent)
            ->setNotificationConfig($notificationConfig);
    }
