
    /**
     * @param string $name Required. Name of the notification config to delete. Its format is
     *                     "organizations/[organization_id]/notificationConfigs/[config_id]". Please see
     *                     {@see SecurityCenterClient::notificationConfigName()} for help formatting this field.
     *
     * @return \Google\Cloud\SecurityCenter\V1\DeleteNotificationConfigRequest
     *
     * @experimental
     */
    public static function build(string $name): self
    {
        return (new self())
            ->setName($name);
    }
