
    /**
     * @param string $parent Required. The parent, which owns the collection of mute configs. Its format
     *                       is "organizations/[organization_id]", "folders/[folder_id]",
     *                       "projects/[project_id]". Please see
     *                       {@see SecurityCenterClient::projectName()} for help formatting this field.
     *
     * @return \Google\Cloud\SecurityCenter\V1\ListMuteConfigsRequest
     *
     * @experimental
     */
    public static function build(string $parent): self
    {
        return (new self())
            ->setParent($parent);
    }