
    /**
     * @param string                                   $parent      Required. Resource name of the tenant under which the event is created.
     *
     *                                                              The format is "projects/{project_id}/tenants/{tenant_id}", for example,
     *                                                              "projects/foo/tenant/bar". If tenant id is unspecified, a default tenant
     *                                                              is created, for example, "projects/foo". Please see
     *                                                              {@see EventServiceClient::projectName()} for help formatting this field.
     * @param \Google\Cloud\Talent\V4beta1\ClientEvent $clientEvent Required. Events issued when end user interacts with customer's application that
     *                                                              uses Cloud Talent Solution.
     *
     * @return \Google\Cloud\Talent\V4beta1\CreateClientEventRequest
     *
     * @experimental
     */
    public static function build(string $parent, \Google\Cloud\Talent\V4beta1\ClientEvent $clientEvent): self
    {
        return (new self())
            ->setParent($parent)
            ->setClientEvent($clientEvent);
    }