    /**
     * @param string $name Required. The resource name of the application to be deleted.
     *
     *                     The format is
     *                     "projects/{project_id}/tenants/{tenant_id}/profiles/{profile_id}/applications/{application_id}".
     *                     For example, "projects/foo/tenants/bar/profiles/baz/applications/qux". Please see
     *                     {@see ApplicationServiceClient::applicationName()} for help formatting this field.
     *
     * @return \Google\Cloud\Talent\V4beta1\DeleteApplicationRequest
     */
    public static function build(string $name): self
    {
        return (new self())
            ->setName($name);
    }
