
    /**
     * @param string $name Required. The resource name of the company to be retrieved.
     *
     *                     The format is
     *                     "projects/{project_id}/tenants/{tenant_id}/companies/{company_id}", for
     *                     example, "projects/api-test-project/tenants/foo/companies/bar".
     *
     *                     If tenant id is unspecified, the default tenant is used, for
     *                     example, "projects/api-test-project/companies/bar". Please see
     *                     {@see CompanyServiceClient::companyName()} for help formatting this field.
     *
     * @return \Google\Cloud\Talent\V4beta1\GetCompanyRequest
     *
     * @experimental
     */
    public static function build(string $name): self
    {
        return (new self())
            ->setName($name);
    }
