    /**
     * @param string $name Required. The resource name of the tenant to be retrieved.
     *
     *                     The format is "projects/{project_id}/tenants/{tenant_id}", for example,
     *                     "projects/foo/tenants/bar". Please see
     *                     {@see TenantServiceClient::tenantName()} for help formatting this field.
     *
     * @return \Google\Cloud\Talent\V4beta1\GetTenantRequest
     */
    public static function build(string $name): self
    {
        return (new self())
            ->setName($name);
    }
