
    /**
     * @param string $parent Required. The resource name of the tenant under which the profile is created.
     *
     *                       The format is "projects/{project_id}/tenants/{tenant_id}". For example,
     *                       "projects/foo/tenants/bar". Please see
     *                       {@see ProfileServiceClient::tenantName()} for help formatting this field.
     *
     * @return \Google\Cloud\Talent\V4beta1\ListProfilesRequest
     *
     * @experimental
     */
    public static function build(string $parent): self
    {
        return (new self())
            ->setParent($parent);
    }