
    /**
     * @param string $parent Required. Name of the organization or project the assets belong to. Format:
     *                       "organizations/[organization-number]" (such as "organizations/123"),
     *                       "projects/[project-id]" (such as "projects/my-project-id"), or
     *                       "projects/[project-number]" (such as "projects/12345").
     *
     * @return \Google\Cloud\Asset\V1\ListAssetsRequest
     *
     * @experimental
     */
    public static function build(string $parent): self
    {
        return (new self())
            ->setParent($parent);
    }
