    /**
     * @param string $project        Project ID for this request.
     * @param string $region         Name of the region for this request.
     * @param string $address        Name of the address resource to delete.
     * @param mixed  $optionalFields {
     *     Optional.
     *
     *     @type string $requestId
     *           An optional request ID to identify requests. Specify a unique request ID so that if you must retry your request, the server will know to ignore the request if it has already been completed.
     *
     *           For example, consider a situation where you make an initial request and the request times out. If you make the request again with the same request ID, the server can check if original operation with the same request ID was received, and if so, will ignore the second request. This prevents clients from accidentally creating duplicate commitments.
     *
     *           The request ID must be a valid UUID with the exception that zero UUID is not supported (00000000-0000-0000-0000-000000000000).
     * }
     *
     * @return \Google\Cloud\Compute\V1\DeleteAddressRequest
     */
    public static function build(string $project, string $region, string $address, array $optionalFields = []): self
    {
        return (new self($optionalFields))
            ->setProject($project)
            ->setRegion($region)
            ->setAddress($address);
    }
