    /**
     * @param string                           $project         Project ID for this request.
     * @param string                           $region          Name of the region for this request.
     * @param \Google\Cloud\Compute\V1\Address $addressResource The body resource for this request
     *
     * @return \Google\Cloud\Compute\V1\InsertAddressRequest
     */
    public static function build(string $project, string $region, \Google\Cloud\Compute\V1\Address $addressResource): self
    {
        return (new self())
            ->setProject($project)
            ->setRegion($region)
            ->setAddressResource($addressResource);
    }
