    /**
     * @param string                             $projectId      Deprecated. The Google Developers Console [project ID or project
     *                                                           number](https://support.google.com/cloud/answer/6158840).
     *                                                           This field has been deprecated and replaced by the parent field.
     * @param string                             $zone           Deprecated. The name of the Google Compute Engine
     *                                                           [zone](https://cloud.google.com/compute/docs/zones#available) in which the
     *                                                           cluster resides. This field has been deprecated and replaced by the parent
     *                                                           field.
     * @param \Google\Cloud\Container\V1\Cluster $cluster        Required. A [cluster
     *                                                           resource](https://cloud.google.com/container-engine/reference/rest/v1/projects.locations.clusters)
     * @param mixed                              $optionalFields {
     *     Optional.
     *
     *     @type string $parent
     *           The parent (project and location) where the cluster will be created.
     *           Specified in the format `projects/&#42;/locations/*`.
     * }
     *
     * @return \Google\Cloud\Container\V1\CreateClusterRequest
     */
    public static function build(string $projectId, string $zone, \Google\Cloud\Container\V1\Cluster $cluster, array $optionalFields = []): self
    {
        return (new self($optionalFields))
            ->setProjectId($projectId)
            ->setZone($zone)
            ->setCluster($cluster);
    }

    /**
     * @param string                             $parent         The parent (project and location) where the cluster will be created.
     *                                                           Specified in the format `projects/&#42;/locations/*`.
     * @param \Google\Cloud\Container\V1\Cluster $cluster        Required. A [cluster
     *                                                           resource](https://cloud.google.com/container-engine/reference/rest/v1/projects.locations.clusters)
     * @param mixed                              $optionalFields {
     *     Optional.
     *
     *     @type string $projectId
     *           Deprecated. The Google Developers Console [project ID or project
     *           number](https://support.google.com/cloud/answer/6158840).
     *           This field has been deprecated and replaced by the parent field.
     *     @type string $zone
     *           Deprecated. The name of the Google Compute Engine
     *           [zone](https://cloud.google.com/compute/docs/zones#available) in which the
     *           cluster resides. This field has been deprecated and replaced by the parent
     *           field.
     * }
     *
     * @return \Google\Cloud\Container\V1\CreateClusterRequest
     */
    public static function buildFromParentCluster(string $parent, \Google\Cloud\Container\V1\Cluster $cluster, array $optionalFields = []): self
    {
        return (new self($optionalFields))
            ->setParent($parent)
            ->setCluster($cluster);
    }
