    /**
     * @param string $projectId      Deprecated. The Google Developers Console [project ID or project
     *                               number](https://developers.google.com/console/help/new/#projectnumber).
     *                               This field has been deprecated and replaced by the parent field.
     * @param string $zone           Deprecated. The name of the Google Compute Engine
     *                               [zone](https://cloud.google.com/compute/docs/zones#available) in which the
     *                               cluster resides. This field has been deprecated and replaced by the parent
     *                               field.
     * @param string $clusterId      Deprecated. The name of the cluster.
     *                               This field has been deprecated and replaced by the parent field.
     * @param mixed  $optionalFields {
     *     Optional.
     *
     *     @type string $parent
     *           The parent (project, location, cluster id) where the node pools will be
     *           listed. Specified in the format `projects/&#42;/locations/&#42;/clusters/*`.
     * }
     *
     * @return \Google\Cloud\Container\V1\ListNodePoolsRequest
     */
    public static function build(string $projectId, string $zone, string $clusterId, array $optionalFields = []): self
    {
        return (new self($optionalFields))
            ->setProjectId($projectId)
            ->setZone($zone)
            ->setClusterId($clusterId);
    }

    /**
     * @param string $parent         The parent (project, location, cluster id) where the node pools will be
     *                               listed. Specified in the format `projects/&#42;/locations/&#42;/clusters/*`.
     * @param mixed  $optionalFields {
     *     Optional.
     *
     *     @type string $projectId
     *           Deprecated. The Google Developers Console [project ID or project
     *           number](https://developers.google.com/console/help/new/#projectnumber).
     *           This field has been deprecated and replaced by the parent field.
     *     @type string $zone
     *           Deprecated. The name of the Google Compute Engine
     *           [zone](https://cloud.google.com/compute/docs/zones#available) in which the
     *           cluster resides. This field has been deprecated and replaced by the parent
     *           field.
     *     @type string $clusterId
     *           Deprecated. The name of the cluster.
     *           This field has been deprecated and replaced by the parent field.
     * }
     *
     * @return \Google\Cloud\Container\V1\ListNodePoolsRequest
     */
    public static function buildFromParent(string $parent, array $optionalFields = []): self
    {
        return (new self($optionalFields))
            ->setParent($parent);
    }
