    /**
     * @param string $projectId      Deprecated. The Google Developers Console [project ID or project
     *                               number](https://support.google.com/cloud/answer/6158840).
     *                               This field has been deprecated and replaced by the parent field.
     * @param string $zone           Deprecated. The name of the Google Compute Engine
     *                               [zone](https://cloud.google.com/compute/docs/zones#available) in which the
     *                               cluster resides, or "-" for all zones. This field has been deprecated and
     *                               replaced by the parent field.
     * @param mixed  $optionalFields {
     *     Optional.
     *
     *     @type string $parent
     *           The parent (project and location) where the clusters will be listed.
     *           Specified in the format `projects/&#42;/locations/*`.
     *           Location "-" matches all zones and all regions.
     * }
     *
     * @return \Google\Cloud\Container\V1\ListClustersRequest
     */
    public static function build(string $projectId, string $zone, array $optionalFields = []): self
    {
        return (new self($optionalFields))
            ->setProjectId($projectId)
            ->setZone($zone);
    }

    /**
     * @param string $parent         The parent (project and location) where the clusters will be listed.
     *                               Specified in the format `projects/&#42;/locations/*`.
     *                               Location "-" matches all zones and all regions.
     * @param mixed  $optionalFields {
     *     Optional.
     *
     *     @type string $projectId
     *           Deprecated. The Google Developers Console [project ID or project
     *           number](https://support.google.com/cloud/answer/6158840).
     *           This field has been deprecated and replaced by the parent field.
     *     @type string $zone
     *           Deprecated. The name of the Google Compute Engine
     *           [zone](https://cloud.google.com/compute/docs/zones#available) in which the
     *           cluster resides, or "-" for all zones. This field has been deprecated and
     *           replaced by the parent field.
     * }
     *
     * @return \Google\Cloud\Container\V1\ListClustersRequest
     */
    public static function buildFromParent(string $parent, array $optionalFields = []): self
    {
        return (new self($optionalFields))
            ->setParent($parent);
    }
