
    /**
     * @param string $projectId  Deprecated. The Google Developers Console [project ID or project
     *                           number](https://support.google.com/cloud/answer/6158840).
     *                           This field has been deprecated and replaced by the name field.
     * @param string $zone       Deprecated. The name of the Google Compute Engine
     *                           [zone](https://cloud.google.com/compute/docs/zones#available) in which the
     *                           cluster resides. This field has been deprecated and replaced by the name
     *                           field.
     * @param string $clusterId  Deprecated. The name of the cluster to rollback.
     *                           This field has been deprecated and replaced by the name field.
     * @param string $nodePoolId Deprecated. The name of the node pool to rollback.
     *                           This field has been deprecated and replaced by the name field.
     *
     * @return \Google\Cloud\Container\V1\RollbackNodePoolUpgradeRequest
     *
     * @experimental
     */
    public static function build(string $projectId, string $zone, string $clusterId, string $nodePoolId): self
    {
        return (new self())
            ->setProjectId($projectId)
            ->setZone($zone)
            ->setClusterId($clusterId)
            ->setNodePoolId($nodePoolId);
    }

    /**
     * @param string $name The name (project, location, cluster, node pool id) of the node poll to
     *                     rollback upgrade.
     *                     Specified in the format `projects/&#42;/locations/&#42;/clusters/&#42;/nodePools/*`.
     *
     * @return \Google\Cloud\Container\V1\RollbackNodePoolUpgradeRequest
     *
     * @experimental
     */
    public static function buildFromName(string $name): self
    {
        return (new self())
            ->setName($name);
    }