    /**
     * @param string                                  $projectId    Deprecated. The Google Developers Console [project ID or project
     *                                                              number](https://support.google.com/cloud/answer/6158840).
     *                                                              This field has been deprecated and replaced by the name field.
     * @param string                                  $zone         Deprecated. The name of the Google Compute Engine
     *                                                              [zone](https://cloud.google.com/compute/docs/zones#available) in which the
     *                                                              cluster resides. This field has been deprecated and replaced by the name
     *                                                              field.
     * @param string                                  $clusterId    Deprecated. The name of the cluster to upgrade.
     *                                                              This field has been deprecated and replaced by the name field.
     * @param \Google\Cloud\Container\V1\AddonsConfig $addonsConfig Required. The desired configurations for the various addons available to run in the
     *                                                              cluster.
     *
     * @return \Google\Cloud\Container\V1\SetAddonsConfigRequest
     */
    public static function build(string $projectId, string $zone, string $clusterId, \Google\Cloud\Container\V1\AddonsConfig $addonsConfig): self
    {
        return (new self())
            ->setProjectId($projectId)
            ->setZone($zone)
            ->setClusterId($clusterId)
            ->setAddonsConfig($addonsConfig);
    }

    /**
     * @param string                                  $name         The name (project, location, cluster) of the cluster to set addons.
     *                                                              Specified in the format `projects/&#42;/locations/&#42;/clusters/*`.
     * @param \Google\Cloud\Container\V1\AddonsConfig $addonsConfig Required. The desired configurations for the various addons available to run in the
     *                                                              cluster.
     *
     * @return \Google\Cloud\Container\V1\SetAddonsConfigRequest
     */
    public static function buildFromNameAddonsConfig(string $name, \Google\Cloud\Container\V1\AddonsConfig $addonsConfig): self
    {
        return (new self())
            ->setName($name)
            ->setAddonsConfig($addonsConfig);
    }
