    /**
     * @param string $projectId         Deprecated. The Google Developers Console [project ID or project
     *                                  number](https://support.google.com/cloud/answer/6158840).
     *                                  This field has been deprecated and replaced by the name field.
     * @param string $zone              Deprecated. The name of the Google Compute Engine
     *                                  [zone](https://cloud.google.com/compute/docs/zones#available) in which the
     *                                  cluster resides. This field has been deprecated and replaced by the name
     *                                  field.
     * @param string $clusterId         Deprecated. The name of the cluster to upgrade.
     *                                  This field has been deprecated and replaced by the name field.
     * @param string $monitoringService Required. The monitoring service the cluster should use to write metrics.
     *                                  Currently available options:
     *
     *                                  * "monitoring.googleapis.com/kubernetes" - The Cloud Monitoring
     *                                  service with a Kubernetes-native resource model
     *                                  * `monitoring.googleapis.com` - The legacy Cloud Monitoring service (no
     *                                  longer available as of GKE 1.15).
     *                                  * `none` - No metrics will be exported from the cluster.
     *
     *                                  If left as an empty string,`monitoring.googleapis.com/kubernetes` will be
     *                                  used for GKE 1.14+ or `monitoring.googleapis.com` for earlier versions.
     * @param mixed  $optionalFields    {
     *     Optional.
     *
     *     @type string $name
     *           The name (project, location, cluster) of the cluster to set monitoring.
     *           Specified in the format `projects/&#42;/locations/&#42;/clusters/*`.
     * }
     *
     * @return \Google\Cloud\Container\V1\SetMonitoringServiceRequest
     */
    public static function build(string $projectId, string $zone, string $clusterId, string $monitoringService, array $optionalFields = []): self
    {
        return (new self($optionalFields))
            ->setProjectId($projectId)
            ->setZone($zone)
            ->setClusterId($clusterId)
            ->setMonitoringService($monitoringService);
    }

    /**
     * @param string $name              The name (project, location, cluster) of the cluster to set monitoring.
     *                                  Specified in the format `projects/&#42;/locations/&#42;/clusters/*`.
     * @param string $monitoringService Required. The monitoring service the cluster should use to write metrics.
     *                                  Currently available options:
     *
     *                                  * "monitoring.googleapis.com/kubernetes" - The Cloud Monitoring
     *                                  service with a Kubernetes-native resource model
     *                                  * `monitoring.googleapis.com` - The legacy Cloud Monitoring service (no
     *                                  longer available as of GKE 1.15).
     *                                  * `none` - No metrics will be exported from the cluster.
     *
     *                                  If left as an empty string,`monitoring.googleapis.com/kubernetes` will be
     *                                  used for GKE 1.14+ or `monitoring.googleapis.com` for earlier versions.
     * @param mixed  $optionalFields    {
     *     Optional.
     *
     *     @type string $projectId
     *           Deprecated. The Google Developers Console [project ID or project
     *           number](https://support.google.com/cloud/answer/6158840).
     *           This field has been deprecated and replaced by the name field.
     *     @type string $zone
     *           Deprecated. The name of the Google Compute Engine
     *           [zone](https://cloud.google.com/compute/docs/zones#available) in which the
     *           cluster resides. This field has been deprecated and replaced by the name
     *           field.
     *     @type string $clusterId
     *           Deprecated. The name of the cluster to upgrade.
     *           This field has been deprecated and replaced by the name field.
     * }
     *
     * @return \Google\Cloud\Container\V1\SetMonitoringServiceRequest
     */
    public static function buildFromNameMonitoringService(string $name, string $monitoringService, array $optionalFields = []): self
    {
        return (new self($optionalFields))
            ->setName($name)
            ->setMonitoringService($monitoringService);
    }
