    /**
     * @param string $projectId      Deprecated. The Google Developers Console [project ID or project
     *                               number](https://developers.google.com/console/help/new/#projectnumber).
     *                               This field has been deprecated and replaced by the name field.
     * @param string $zone           Deprecated. The name of the Google Compute Engine
     *                               [zone](https://cloud.google.com/compute/docs/zones#available) in which the
     *                               cluster resides. This field has been deprecated and replaced by the name
     *                               field.
     * @param string $clusterId      Deprecated. The name of the cluster.
     *                               This field has been deprecated and replaced by the name field.
     * @param mixed  $optionalFields {
     *     Optional.
     *
     *     @type string $name
     *           The name (project, location, cluster id) of the cluster to start IP
     *           rotation. Specified in the format `projects/&#42;/locations/&#42;/clusters/*`.
     *     @type bool $rotateCredentials
     *           Whether to rotate credentials during IP rotation.
     * }
     *
     * @return \Google\Cloud\Container\V1\StartIPRotationRequest
     */
    public static function build(string $projectId, string $zone, string $clusterId, array $optionalFields = []): self
    {
        return (new self($optionalFields))
            ->setProjectId($projectId)
            ->setZone($zone)
            ->setClusterId($clusterId);
    }

    /**
     * @param string $name           The name (project, location, cluster id) of the cluster to start IP
     *                               rotation. Specified in the format `projects/&#42;/locations/&#42;/clusters/*`.
     * @param mixed  $optionalFields {
     *     Optional.
     *
     *     @type string $projectId
     *           Deprecated. The Google Developers Console [project ID or project
     *           number](https://developers.google.com/console/help/new/#projectnumber).
     *           This field has been deprecated and replaced by the name field.
     *     @type string $zone
     *           Deprecated. The name of the Google Compute Engine
     *           [zone](https://cloud.google.com/compute/docs/zones#available) in which the
     *           cluster resides. This field has been deprecated and replaced by the name
     *           field.
     *     @type string $clusterId
     *           Deprecated. The name of the cluster.
     *           This field has been deprecated and replaced by the name field.
     *     @type bool $rotateCredentials
     *           Whether to rotate credentials during IP rotation.
     * }
     *
     * @return \Google\Cloud\Container\V1\StartIPRotationRequest
     */
    public static function buildFromName(string $name, array $optionalFields = []): self
    {
        return (new self($optionalFields))
            ->setName($name);
    }
