
    /**
     * @param string $parent          Required. The name of the instance that will serve the new database.
     *                                Values are of the form `projects/<project>/instances/<instance>`. Please see
     *                                {@see DatabaseAdminClient::instanceName()} for help formatting this field.
     * @param string $createStatement Required. A `CREATE DATABASE` statement, which specifies the ID of the
     *                                new database.  The database ID must conform to the regular expression
     *                                `[a-z][a-z0-9_\-]*[a-z0-9]` and be between 2 and 30 characters in length.
     *                                If the database ID is a reserved word or if it contains a hyphen, the
     *                                database ID must be enclosed in backticks (`` ` ``).
     *
     * @return \Google\Cloud\Spanner\Admin\Database\V1\CreateDatabaseRequest
     *
     * @experimental
     */
    public static function build(string $parent, string $createStatement): self
    {
        return (new self())
            ->setParent($parent)
            ->setCreateStatement($createStatement);
    }