
    /**
     * @param string $name Required. Name of the backup to delete.
     *                     Values are of the form
     *                     `projects/<project>/instances/<instance>/backups/<backup>`. Please see
     *                     {@see DatabaseAdminClient::backupName()} for help formatting this field.
     *
     * @return \Google\Cloud\Spanner\Admin\Database\V1\DeleteBackupRequest
     *
     * @experimental
     */
    public static function build(string $name): self
    {
        return (new self())
            ->setName($name);
    }